{"type":"server-started","port":62067,"host":"127.0.0.1","url_host":"localhost","url":"http://localhost:62067","screen_dir":"/Users/ankityadav/Desktop/plan-b-to-z/.superpowers/brainstorm/70396-1779812954/content","state_dir":"/Users/ankityadav/Desktop/plan-b-to-z/.superpowers/brainstorm/70396-1779812954/state"}
{"type":"screen-added","file":"/Users/ankityadav/Desktop/plan-b-to-z/.superpowers/brainstorm/70396-1779812954/content/approaches.html"}
{"type":"screen-updated","file":"/Users/ankityadav/Desktop/plan-b-to-z/.superpowers/brainstorm/70396-1779812954/content/approaches.html"}
{"type":"screen-updated","file":"/Users/ankityadav/Desktop/plan-b-to-z/.superpowers/brainstorm/70396-1779812954/content/approaches.html"}
{"type":"screen-updated","file":"/Users/ankityadav/Desktop/plan-b-to-z/.superpowers/brainstorm/70396-1779812954/content/approaches.html"}
{"type":"screen-updated","file":"/Users/ankityadav/Desktop/plan-b-to-z/.superpowers/brainstorm/70396-1779812954/content/approaches.html"}
{"type":"screen-added","file":"/Users/ankityadav/Desktop/plan-b-to-z/.superpowers/brainstorm/70396-1779812954/content/layout.html"}
{"type":"screen-updated","file":"/Users/ankityadav/Desktop/plan-b-to-z/.superpowers/brainstorm/70396-1779812954/content/layout.html"}
{"type":"screen-updated","file":"/Users/ankityadav/Desktop/plan-b-to-z/.superpowers/brainstorm/70396-1779812954/content/layout.html"}
{"type":"screen-updated","file":"/Users/ankityadav/Desktop/plan-b-to-z/.superpowers/brainstorm/70396-1779812954/content/layout.html"}
{"type":"screen-updated","file":"/Users/ankityadav/Desktop/plan-b-to-z/.superpowers/brainstorm/70396-1779812954/content/layout.html"}
{"type":"screen-added","file":"/Users/ankityadav/Desktop/plan-b-to-z/.superpowers/brainstorm/70396-1779812954/content/layout-v2.html"}
{"type":"screen-updated","file":"/Users/ankityadav/Desktop/plan-b-to-z/.superpowers/brainstorm/70396-1779812954/content/layout-v2.html"}
{"type":"screen-updated","file":"/Users/ankityadav/Desktop/plan-b-to-z/.superpowers/brainstorm/70396-1779812954/content/layout-v2.html"}
{"type":"screen-updated","file":"/Users/ankityadav/Desktop/plan-b-to-z/.superpowers/brainstorm/70396-1779812954/content/layout-v2.html"}
{"type":"screen-updated","file":"/Users/ankityadav/Desktop/plan-b-to-z/.superpowers/brainstorm/70396-1779812954/content/layout-v2.html"}
{"type":"screen-added","file":"/Users/ankityadav/Desktop/plan-b-to-z/.superpowers/brainstorm/70396-1779812954/content/responsive.html"}
{"type":"screen-updated","file":"/Users/ankityadav/Desktop/plan-b-to-z/.superpowers/brainstorm/70396-1779812954/content/responsive.html"}
{"type":"screen-updated","file":"/Users/ankityadav/Desktop/plan-b-to-z/.superpowers/brainstorm/70396-1779812954/content/responsive.html"}
{"type":"screen-updated","file":"/Users/ankityadav/Desktop/plan-b-to-z/.superpowers/brainstorm/70396-1779812954/content/responsive.html"}
{"type":"screen-updated","file":"/Users/ankityadav/Desktop/plan-b-to-z/.superpowers/brainstorm/70396-1779812954/content/responsive.html"}
{"type":"screen-added","file":"/Users/ankityadav/Desktop/plan-b-to-z/.superpowers/brainstorm/70396-1779812954/content/waiting-1.html"}
{"type":"screen-updated","file":"/Users/ankityadav/Desktop/plan-b-to-z/.superpowers/brainstorm/70396-1779812954/content/waiting-1.html"}
{"type":"screen-updated","file":"/Users/ankityadav/Desktop/plan-b-to-z/.superpowers/brainstorm/70396-1779812954/content/waiting-1.html"}
{"type":"screen-updated","file":"/Users/ankityadav/Desktop/plan-b-to-z/.superpowers/brainstorm/70396-1779812954/content/waiting-1.html"}
{"type":"screen-updated","file":"/Users/ankityadav/Desktop/plan-b-to-z/.superpowers/brainstorm/70396-1779812954/content/waiting-1.html"}
{"type":"server-stopped","reason":"idle timeout"}
