{"type":"server-started","port":59174,"host":"127.0.0.1","url_host":"localhost","url":"http://localhost:59174","screen_dir":"/Users/ankityadav/Desktop/plan-b-to-z/.superpowers/brainstorm/94603-1780146934/content","state_dir":"/Users/ankityadav/Desktop/plan-b-to-z/.superpowers/brainstorm/94603-1780146934/state"}
{"type":"screen-added","file":"/Users/ankityadav/Desktop/plan-b-to-z/.superpowers/brainstorm/94603-1780146934/content/nav-layout-v1.html"}
{"type":"screen-updated","file":"/Users/ankityadav/Desktop/plan-b-to-z/.superpowers/brainstorm/94603-1780146934/content/nav-layout-v1.html"}
{"type":"screen-updated","file":"/Users/ankityadav/Desktop/plan-b-to-z/.superpowers/brainstorm/94603-1780146934/content/nav-layout-v1.html"}
{"type":"screen-updated","file":"/Users/ankityadav/Desktop/plan-b-to-z/.superpowers/brainstorm/94603-1780146934/content/nav-layout-v1.html"}
{"type":"screen-updated","file":"/Users/ankityadav/Desktop/plan-b-to-z/.superpowers/brainstorm/94603-1780146934/content/nav-layout-v1.html"}
{"type":"screen-added","file":"/Users/ankityadav/Desktop/plan-b-to-z/.superpowers/brainstorm/94603-1780146934/content/colour-options.html"}
{"type":"screen-updated","file":"/Users/ankityadav/Desktop/plan-b-to-z/.superpowers/brainstorm/94603-1780146934/content/colour-options.html"}
{"type":"screen-updated","file":"/Users/ankityadav/Desktop/plan-b-to-z/.superpowers/brainstorm/94603-1780146934/content/colour-options.html"}
{"type":"screen-updated","file":"/Users/ankityadav/Desktop/plan-b-to-z/.superpowers/brainstorm/94603-1780146934/content/colour-options.html"}
{"type":"screen-updated","file":"/Users/ankityadav/Desktop/plan-b-to-z/.superpowers/brainstorm/94603-1780146934/content/colour-options.html"}
{"type":"screen-added","file":"/Users/ankityadav/Desktop/plan-b-to-z/.superpowers/brainstorm/94603-1780146934/content/final-mockup.html"}
{"type":"screen-updated","file":"/Users/ankityadav/Desktop/plan-b-to-z/.superpowers/brainstorm/94603-1780146934/content/final-mockup.html"}
{"type":"screen-updated","file":"/Users/ankityadav/Desktop/plan-b-to-z/.superpowers/brainstorm/94603-1780146934/content/final-mockup.html"}
{"type":"screen-updated","file":"/Users/ankityadav/Desktop/plan-b-to-z/.superpowers/brainstorm/94603-1780146934/content/final-mockup.html"}
{"type":"screen-updated","file":"/Users/ankityadav/Desktop/plan-b-to-z/.superpowers/brainstorm/94603-1780146934/content/final-mockup.html"}
{"type":"screen-added","file":"/Users/ankityadav/Desktop/plan-b-to-z/.superpowers/brainstorm/94603-1780146934/content/orange-white.html"}
{"type":"screen-updated","file":"/Users/ankityadav/Desktop/plan-b-to-z/.superpowers/brainstorm/94603-1780146934/content/orange-white.html"}
{"type":"screen-updated","file":"/Users/ankityadav/Desktop/plan-b-to-z/.superpowers/brainstorm/94603-1780146934/content/orange-white.html"}
{"type":"screen-updated","file":"/Users/ankityadav/Desktop/plan-b-to-z/.superpowers/brainstorm/94603-1780146934/content/orange-white.html"}
{"type":"screen-updated","file":"/Users/ankityadav/Desktop/plan-b-to-z/.superpowers/brainstorm/94603-1780146934/content/orange-white.html"}
